{
   "button/submit": "Submit {{d}}",
   "button/save-change": "Save {PLURALIZE, plural, offset:1 =2{# Change} other{# Changes}}",
   "button/register": "Register {{0}}",
   "button/delete-account": "Delete Account",
   "[:message/maintenance :title]": "Maintenance",
   "[:message/maintenance :body]": "There is currently some scheduled maintenance on our servers. \\nPlease check back in a few minutes."
}